{
    "id": "SCENARIO_scenario_a9c3eea2-2af3-4a85-a0c3-ef98ff5bd586",
    "config_id": "scenario",
    "tasks": [
        "TASK_forecast_task_7e1bac33-15f1-4cfd-8702-17adeee902cb",
        "TASK_evaluate_task_31f1ecdf-2b75-4cd8-9509-9e70eddc6973"
    ],
    "additional_data_nodes": [],
    "pipelines": [
        "PIPELINE_pipeline_0e1c5dd3-9896-4221-bfc8-6924acd11147"
    ],
    "properties": {},
    "creation_date": "2022-03-31T21:50:52.360872",
    "primary_scenario": true,
    "subscribers": [],
    "tags": [],
    "cycle": "CYCLE_Frequency.DAILY_2022-03-31T215052.349698_4dfea10a-605f-4d02-91cd-cc8c43cd7d2f",
    "version": "1.0"
}
